// Jest Snapshot v1, https://goo.gl/fbAQLP

exports[`onTestResult matches the last snapshot for a failing test 1`] = `
"
src/components/FlargleArgle/FlargleArgle.test.js:74:3:E:Expected mock function not to be called but it was called with: Array [] "
`;

exports[`onTestResult matches the last snapshot for a passsing test 1`] = `
"
foo/bar/wombat:::I:Flargle:Works as expected"
`;
